Number of GPUs: 3
Total number of train sample: 1272
Total numbee of val sample: 318
Total Train Batch: 636
Total Val Batch: 159
Train-image shape: (2, 224, 224, 204)
Train-label shape: (2, 4)
Val-image shape: (2, 224, 224, 204)
Val-label shape: (2, 4)

Epoch 1/45
Number of GPUs: 3
Total number of train sample: 1272
Total numbee of val sample: 318
Total Train Batch: 636
Total Val Batch: 159
Train-image shape: (2, 224, 224, 204)
Train-label shape: (2, 4)
Val-image shape: (2, 224, 224, 204)
Val-label shape: (2, 4)

Epoch 1/45
Number of GPUs: 3
Total number of train sample: 1272
Total numbee of val sample: 318
Total Train Batch: 636
Total Val Batch: 159
Train-image shape: (2, 224, 224, 204)
Train-label shape: (2, 4)
Val-image shape: (2, 224, 224, 204)
Val-label shape: (2, 4)

Epoch 1/45
Number of GPUs: 3
Total number of train sample: 1272
Total numbee of val sample: 318
Total Train Batch: 636
Total Val Batch: 159
Train-image shape: (2, 224, 224, 204)
Train-label shape: (2, 4)
Val-image shape: (2, 224, 224, 204)
Val-label shape: (2, 4)

Epoch 1/45
